// Jest Snapshot v1, https://goo.gl/fbAQLP

exports[`<CrossValidationOptionsForm /> rendered correctly 1`] = `
<div
  className="crossValidationOptionsFormWrapper"
>
  <form
    className="ant-form ant-form-horizontal"
    onSubmit={[Function]}
  >
    <div
      className="ant-row"
      style={
        Object {
          "marginLeft": -8,
          "marginRight": -8,
        }
      }
    >
      <div
        className="ant-col-md-24 ant-col-lg-12 ant-col-xl-8"
        style={
          Object {
            "paddingLeft": 8,
            "paddingRight": 8,
          }
        }
      >
        <div
          className="ant-row ant-form-item"
        >
          <div
            className="ant-form-item-label"
          >
            <label
              className="ant-form-item-required"
              htmlFor="folds"
              onClick={[Function]}
              title=""
            >
              <span
                onMouseEnter={[Function]}
                onMouseLeave={[Function]}
              >
                Folds 
              </span>
            </label>
          </div>
          <div
            className="ant-col-24 ant-form-item-control-wrapper"
          >
            <div
              className="ant-form-item-control has-success"
            >
              <span
                className="ant-form-item-children"
              >
                <input
                  className="ant-input"
                  data-__field={
                    Object {
                      "name": "folds",
                    }
                  }
                  data-__meta={
                    Object {
                      "initialValue": 0,
                      "name": "folds",
                      "originalProps": Object {
                        "disabled": false,
                        "name": "folds",
                        "onChange": [Function],
                        "prefixCls": "ant-input",
                        "type": "text",
                      },
                      "ref": null,
                      "rules": Array [
                        Object {
                          "message": "Please input folds!",
                          "required": true,
                        },
                        Object {
                          "validator": [Function],
                        },
                      ],
                      "trigger": "onChange",
                      "validate": Array [
                        Object {
                          "rules": Array [
                            Object {
                              "message": "Please input folds!",
                              "required": true,
                            },
                            Object {
                              "validator": [Function],
                            },
                          ],
                          "trigger": Array [
                            "onChange",
                          ],
                        },
                      ],
                      "valuePropName": "value",
                    }
                  }
                  disabled={false}
                  id="folds"
                  name="folds"
                  onChange={[Function]}
                  onKeyDown={[Function]}
                  type="text"
                  value={0}
                />
              </span>
            </div>
          </div>
        </div>
      </div>
      <div
        className="ant-col-md-24 ant-col-lg-12 ant-col-xl-8"
        style={
          Object {
            "paddingLeft": 8,
            "paddingRight": 8,
          }
        }
      >
        <div
          className="ant-row ant-form-item"
        >
          <div
            className="ant-form-item-label"
          >
            <label
              className="ant-form-item-required"
              htmlFor="randomSeed"
              onClick={[Function]}
              title=""
            >
              <span
                onMouseEnter={[Function]}
                onMouseLeave={[Function]}
              >
                Random Seed 
              </span>
            </label>
          </div>
          <div
            className="ant-col-24 ant-form-item-control-wrapper"
          >
            <div
              className="ant-form-item-control has-success"
            >
              <span
                className="ant-form-item-children"
              >
                <input
                  className="ant-input"
                  data-__field={
                    Object {
                      "name": "randomSeed",
                    }
                  }
                  data-__meta={
                    Object {
                      "initialValue": 5,
                      "name": "randomSeed",
                      "originalProps": Object {
                        "disabled": false,
                        "name": "randomSeed",
                        "onChange": [Function],
                        "prefixCls": "ant-input",
                        "type": "text",
                      },
                      "ref": null,
                      "rules": Array [
                        Object {
                          "message": "Please input random seed!",
                          "required": true,
                        },
                      ],
                      "trigger": "onChange",
                      "validate": Array [
                        Object {
                          "rules": Array [
                            Object {
                              "message": "Please input random seed!",
                              "required": true,
                            },
                          ],
                          "trigger": Array [
                            "onChange",
                          ],
                        },
                      ],
                      "valuePropName": "value",
                    }
                  }
                  disabled={false}
                  id="randomSeed"
                  name="randomSeed"
                  onChange={[Function]}
                  onKeyDown={[Function]}
                  type="text"
                  value={5}
                />
              </span>
            </div>
          </div>
        </div>
      </div>
      <div
        className="ant-col-md-24 ant-col-lg-12 ant-col-xl-8"
        style={
          Object {
            "paddingLeft": 8,
            "paddingRight": 8,
          }
        }
      >
        <div
          className="ant-row ant-form-item"
        >
          <div
            className="ant-form-item-label"
          >
            <label
              className="ant-form-item-required"
              htmlFor="testSize"
              onClick={[Function]}
              title=""
            >
              <span
                onMouseEnter={[Function]}
                onMouseLeave={[Function]}
              >
                Test size 
              </span>
            </label>
          </div>
          <div
            className="ant-col-24 ant-form-item-control-wrapper"
          >
            <div
              className="ant-form-item-control has-success"
            >
              <span
                className="ant-form-item-children"
              >
                <input
                  className="ant-input"
                  data-__field={
                    Object {
                      "name": "testSize",
                    }
                  }
                  data-__meta={
                    Object {
                      "initialValue": 3,
                      "name": "testSize",
                      "originalProps": Object {
                        "disabled": false,
                        "name": "testSize",
                        "onChange": [Function],
                        "prefixCls": "ant-input",
                        "type": "text",
                      },
                      "ref": null,
                      "rules": Array [
                        Object {
                          "message": "Please input test size!",
                          "required": true,
                        },
                        Object {
                          "validator": [Function],
                        },
                      ],
                      "trigger": "onChange",
                      "validate": Array [
                        Object {
                          "rules": Array [
                            Object {
                              "message": "Please input test size!",
                              "required": true,
                            },
                            Object {
                              "validator": [Function],
                            },
                          ],
                          "trigger": Array [
                            "onChange",
                          ],
                        },
                      ],
                      "valuePropName": "value",
                    }
                  }
                  disabled={false}
                  id="testSize"
                  name="testSize"
                  onChange={[Function]}
                  onKeyDown={[Function]}
                  type="text"
                  value={3}
                />
              </span>
            </div>
          </div>
        </div>
      </div>
    </div>
  </form>
  <div
    className="ant-divider ant-divider-horizontal ant-divider-dashed"
  />
  <div
    className="ant-row-flex ant-row-flex-end"
  >
    <div
      className=""
    >
      <button
        className="ant-btn ant-btn-default"
        disabled={false}
        onClick={[Function]}
        style={
          Object {
            "marginRight": "15px",
          }
        }
        type="button"
      >
        <i
          className="anticon anticon-left"
        >
          <svg
            aria-hidden="true"
            className=""
            data-icon="left"
            fill="currentColor"
            height="1em"
            viewBox="64 64 896 896"
            width="1em"
          >
            <path
              d="M724 218.3V141c0-6.7-7.7-10.4-12.9-6.3L260.3 486.8a31.86 31.86 0 0 0 0 50.3l450.8 352.1c5.3 4.1 12.9.4 12.9-6.3v-77.3c0-4.9-2.3-9.6-6.1-12.6l-360-281 360-281.1c3.8-3 6.1-7.7 6.1-12.6z"
            />
          </svg>
        </i>
        <span>
           Back
        </span>
      </button>
      <button
        className="ant-btn ant-btn-primary"
        disabled={false}
        onClick={[Function]}
        type="button"
      >
        <span>
          Next 
        </span>
        <i
          className="anticon anticon-right"
        >
          <svg
            aria-hidden="true"
            className=""
            data-icon="right"
            fill="currentColor"
            height="1em"
            viewBox="64 64 896 896"
            width="1em"
          >
            <path
              d="M765.7 486.8L314.9 134.7A7.97 7.97 0 0 0 302 141v77.3c0 4.9 2.3 9.6 6.1 12.6l360 281.1-360 281.1c-3.9 3-6.1 7.7-6.1 12.6V883c0 6.7 7.7 10.4 12.9 6.3l450.8-352.1a31.96 31.96 0 0 0 0-50.4z"
            />
          </svg>
        </i>
      </button>
    </div>
  </div>
</div>
`;
