// Jest Snapshot v1, https://goo.gl/fbAQLP

exports[`<CrossValidationOptionsForm /> rendered correctly 1`] = `
<div
  className="crossValidationOptionsFormWrapper"
>
  <form>
    <div
      className="MuiGrid-container-1 MuiGrid-spacing-xs-24-25"
    >
      <div
        className="MuiGrid-item-2 MuiGrid-grid-xs-4-33"
      >
        <div
          aria-describedby={null}
          className="MuiFormControl-root-106 MuiFormControl-marginDense-108 MuiFormControl-fullWidth-109"
          onMouseLeave={[Function]}
          onMouseOver={[Function]}
          onTouchEnd={[Function]}
          onTouchStart={[Function]}
          title="Number of folds for cross-validation"
        >
          <label
            className="MuiFormLabel-root-121 MuiInputLabel-root-110 MuiInputLabel-formControl-115 MuiInputLabel-animated-118 MuiInputLabel-marginDense-116 MuiInputLabel-outlined-120"
            data-shrink={false}
          >
            Folds
          </label>
          <div
            className="MuiInputBase-root-141 MuiOutlinedInput-root-128 MuiInputBase-fullWidth-150 MuiInputBase-formControl-142 MuiInputBase-marginDense-148"
            onClick={[Function]}
          >
            <fieldset
              aria-hidden={true}
              className="MuiPrivateNotchedOutline-root-158 MuiOutlinedInput-notchedOutline-135"
              style={
                Object {
                  "paddingLeft": 8,
                }
              }
            >
              <legend
                className="MuiPrivateNotchedOutline-legend-159"
                style={
                  Object {
                    "width": 0.01,
                  }
                }
              >
                <span
                  dangerouslySetInnerHTML={
                    Object {
                      "__html": "&#8203;",
                    }
                  }
                />
              </legend>
            </fieldset>
            <input
              aria-invalid={false}
              className="MuiInputBase-input-151 MuiOutlinedInput-input-136 MuiInputBase-inputMarginDense-152 MuiOutlinedInput-inputMarginDense-137"
              defaultValue={0}
              disabled={false}
              name="folds"
              onBlur={[Function]}
              onChange={[Function]}
              onFocus={[Function]}
              placeholder="Folds"
              required={false}
              type="text"
            />
          </div>
        </div>
      </div>
      <div
        className="MuiGrid-item-2 MuiGrid-grid-xs-4-33"
      >
        <div
          aria-describedby={null}
          className="MuiFormControl-root-106 MuiFormControl-marginDense-108 MuiFormControl-fullWidth-109"
          onMouseLeave={[Function]}
          onMouseOver={[Function]}
          onTouchEnd={[Function]}
          onTouchStart={[Function]}
          title="Specifies how many times to run MOSES with a random seed value"
        >
          <label
            className="MuiFormLabel-root-121 MuiInputLabel-root-110 MuiInputLabel-formControl-115 MuiInputLabel-animated-118 MuiInputLabel-marginDense-116 MuiInputLabel-outlined-120"
            data-shrink={false}
          >
            Number of seeds
          </label>
          <div
            className="MuiInputBase-root-141 MuiOutlinedInput-root-128 MuiInputBase-fullWidth-150 MuiInputBase-formControl-142 MuiInputBase-marginDense-148"
            onClick={[Function]}
          >
            <fieldset
              aria-hidden={true}
              className="MuiPrivateNotchedOutline-root-158 MuiOutlinedInput-notchedOutline-135"
              style={
                Object {
                  "paddingLeft": 8,
                }
              }
            >
              <legend
                className="MuiPrivateNotchedOutline-legend-159"
                style={
                  Object {
                    "width": 0.01,
                  }
                }
              >
                <span
                  dangerouslySetInnerHTML={
                    Object {
                      "__html": "&#8203;",
                    }
                  }
                />
              </legend>
            </fieldset>
            <input
              aria-invalid={false}
              className="MuiInputBase-input-151 MuiOutlinedInput-input-136 MuiInputBase-inputMarginDense-152 MuiOutlinedInput-inputMarginDense-137"
              defaultValue={5}
              disabled={false}
              name="randomSeed"
              onBlur={[Function]}
              onChange={[Function]}
              onFocus={[Function]}
              placeholder="Number of seeds"
              required={false}
              type="text"
            />
          </div>
        </div>
      </div>
      <div
        className="MuiGrid-item-2 MuiGrid-grid-xs-4-33"
      >
        <div
          aria-describedby={null}
          className="MuiFormControl-root-106 MuiFormControl-marginDense-108 MuiFormControl-fullWidth-109"
          onMouseLeave={[Function]}
          onMouseOver={[Function]}
          onTouchEnd={[Function]}
          onTouchStart={[Function]}
          title="The proportion of the dataset that should be included in the test splie"
        >
          <label
            className="MuiFormLabel-root-121 MuiInputLabel-root-110 MuiInputLabel-formControl-115 MuiInputLabel-animated-118 MuiInputLabel-marginDense-116 MuiInputLabel-outlined-120"
            data-shrink={false}
          >
            Test size
          </label>
          <div
            className="MuiInputBase-root-141 MuiOutlinedInput-root-128 MuiInputBase-fullWidth-150 MuiInputBase-formControl-142 MuiInputBase-marginDense-148"
            onClick={[Function]}
          >
            <fieldset
              aria-hidden={true}
              className="MuiPrivateNotchedOutline-root-158 MuiOutlinedInput-notchedOutline-135"
              style={
                Object {
                  "paddingLeft": 8,
                }
              }
            >
              <legend
                className="MuiPrivateNotchedOutline-legend-159"
                style={
                  Object {
                    "width": 0.01,
                  }
                }
              >
                <span
                  dangerouslySetInnerHTML={
                    Object {
                      "__html": "&#8203;",
                    }
                  }
                />
              </legend>
            </fieldset>
            <input
              aria-invalid={false}
              className="MuiInputBase-input-151 MuiOutlinedInput-input-136 MuiInputBase-inputMarginDense-152 MuiOutlinedInput-inputMarginDense-137"
              defaultValue={3}
              disabled={false}
              name="testSize"
              onBlur={[Function]}
              onChange={[Function]}
              onFocus={[Function]}
              placeholder="Test size"
              required={false}
              type="text"
            />
          </div>
        </div>
      </div>
    </div>
  </form>
  <hr
    className="MuiDivider-root-160"
    style={
      Object {
        "margin": "15px 0",
      }
    }
  />
  <div
    className="MuiGrid-container-1 MuiGrid-spacing-xs-24-25"
  >
    <div
      className="MuiGrid-item-2 MuiGrid-grid-xs-12-41"
    >
      <button
        className="MuiButtonBase-root-191 MuiButton-root-165 MuiButton-contained-176 MuiButton-raised-179"
        disabled={false}
        onBlur={[Function]}
        onClick={[Function]}
        onContextMenu={[Function]}
        onFocus={[Function]}
        onKeyDown={[Function]}
        onKeyUp={[Function]}
        onMouseDown={[Function]}
        onMouseLeave={[Function]}
        onMouseUp={[Function]}
        onTouchEnd={[Function]}
        onTouchMove={[Function]}
        onTouchStart={[Function]}
        tabIndex="0"
        type="button"
      >
        <span
          className="MuiButton-label-166"
        >
          <svg
            aria-hidden="true"
            className="MuiSvgIcon-root-194"
            focusable="false"
            role="presentation"
            viewBox="0 0 24 24"
          >
            <path
              d="M15.41 7.41L14 6l-6 6 6 6 1.41-1.41L10.83 12z"
            />
            <path
              d="M0 0h24v24H0z"
              fill="none"
            />
          </svg>
          Back
        </span>
        <span
          className="MuiTouchRipple-root-203"
        />
      </button>
      <button
        className="MuiButtonBase-root-191 MuiButton-root-165 MuiButton-contained-176 MuiButton-containedPrimary-177 MuiButton-raised-179 MuiButton-raisedPrimary-180"
        disabled={false}
        onBlur={[Function]}
        onClick={[Function]}
        onContextMenu={[Function]}
        onFocus={[Function]}
        onKeyDown={[Function]}
        onKeyUp={[Function]}
        onMouseDown={[Function]}
        onMouseLeave={[Function]}
        onMouseUp={[Function]}
        onTouchEnd={[Function]}
        onTouchMove={[Function]}
        onTouchStart={[Function]}
        style={
          Object {
            "marginLeft": "5px",
          }
        }
        tabIndex="0"
        type="button"
      >
        <span
          className="MuiButton-label-166"
        >
          Next
          <svg
            aria-hidden="true"
            className="MuiSvgIcon-root-194"
            focusable="false"
            role="presentation"
            viewBox="0 0 24 24"
          >
            <path
              d="M10 6L8.59 7.41 13.17 12l-4.58 4.59L10 18l6-6z"
            />
            <path
              d="M0 0h24v24H0z"
              fill="none"
            />
          </svg>
        </span>
        <span
          className="MuiTouchRipple-root-203"
        />
      </button>
    </div>
  </div>
</div>
`;
