// Jest Snapshot v1, https://goo.gl/fbAQLP

exports[`<CrossValidationOptionsForm /> rendered correctly 1`] = `
<div
  className="crossValidationOptionsFormWrapper"
>
  <form>
    <div
      className="MuiGrid-container-1 MuiGrid-spacing-xs-24-25"
    >
      <div
        className="MuiGrid-item-2 MuiGrid-grid-xs-4-33"
      >
        <div
          aria-describedby={null}
          className="MuiFormControl-root-106 MuiFormControl-marginDense-108 MuiFormControl-fullWidth-109"
          onMouseLeave={[Function]}
          onMouseOver={[Function]}
          onTouchEnd={[Function]}
          onTouchStart={[Function]}
          title="Number of folds for cross-validation"
        >
          <label
            className="MuiFormLabel-root-121 MuiInputLabel-root-110 MuiInputLabel-formControl-115 MuiInputLabel-animated-118 MuiInputLabel-marginDense-116 MuiInputLabel-outlined-120"
            data-shrink={false}
          >
            Folds
          </label>
          <div
            className="MuiInputBase-root-141 MuiOutlinedInput-root-128 MuiInputBase-fullWidth-150 MuiInputBase-formControl-142 MuiInputBase-marginDense-148"
            onClick={[Function]}
          >
            <fieldset
              aria-hidden={true}
              className="MuiPrivateNotchedOutline-root-158 MuiOutlinedInput-notchedOutline-135"
              style={
                Object {
                  "paddingLeft": 8,
                }
              }
            >
              <legend
                className="MuiPrivateNotchedOutline-legend-159"
                style={
                  Object {
                    "width": 0.01,
                  }
                }
              >
                <span
                  dangerouslySetInnerHTML={
                    Object {
                      "__html": "&#8203;",
                    }
                  }
                />
              </legend>
            </fieldset>
            <input
              aria-invalid={false}
              className="MuiInputBase-input-151 MuiOutlinedInput-input-136 MuiInputBase-inputMarginDense-152 MuiOutlinedInput-inputMarginDense-137"
              defaultValue={1}
              disabled={false}
              name="folds"
              onBlur={[Function]}
              onChange={[Function]}
              onFocus={[Function]}
              placeholder="Folds"
              required={false}
              type="text"
            />
          </div>
        </div>
      </div>
      <div
        className="MuiGrid-item-2 MuiGrid-grid-xs-4-33"
      >
        <div
          aria-describedby={null}
          className="MuiFormControl-root-106 MuiFormControl-marginDense-108 MuiFormControl-fullWidth-109"
          onMouseLeave={[Function]}
          onMouseOver={[Function]}
          onTouchEnd={[Function]}
          onTouchStart={[Function]}
          title="Specifies how many times to run MOSES with a random seed value"
        >
          <label
            className="MuiFormLabel-root-121 MuiInputLabel-root-110 MuiInputLabel-formControl-115 MuiInputLabel-animated-118 MuiInputLabel-marginDense-116 MuiInputLabel-outlined-120"
            data-shrink={false}
          >
            Number of seeds
          </label>
          <div
            className="MuiInputBase-root-141 MuiOutlinedInput-root-128 MuiInputBase-fullWidth-150 MuiInputBase-formControl-142 MuiInputBase-marginDense-148"
            onClick={[Function]}
          >
            <fieldset
              aria-hidden={true}
              className="MuiPrivateNotchedOutline-root-158 MuiOutlinedInput-notchedOutline-135"
              style={
                Object {
                  "paddingLeft": 8,
                }
              }
            >
              <legend
                className="MuiPrivateNotchedOutline-legend-159"
                style={
                  Object {
                    "width": 0.01,
                  }
                }
              >
                <span
                  dangerouslySetInnerHTML={
                    Object {
                      "__html": "&#8203;",
                    }
                  }
                />
              </legend>
            </fieldset>
            <input
              aria-invalid={false}
              className="MuiInputBase-input-151 MuiOutlinedInput-input-136 MuiInputBase-inputMarginDense-152 MuiOutlinedInput-inputMarginDense-137"
              defaultValue={5}
              disabled={false}
              name="randomSeed"
              onBlur={[Function]}
              onChange={[Function]}
              onFocus={[Function]}
              placeholder="Number of seeds"
              required={false}
              type="text"
            />
          </div>
        </div>
      </div>
      <div
        className="MuiGrid-item-2 MuiGrid-grid-xs-4-33"
      >
        <div
          aria-describedby={null}
          className="MuiFormControl-root-106 MuiFormControl-marginDense-108 MuiFormControl-fullWidth-109"
          onMouseLeave={[Function]}
          onMouseOver={[Function]}
          onTouchEnd={[Function]}
          onTouchStart={[Function]}
          title="The proportion of the dataset that should be included in the test splie"
        >
          <label
            className="MuiFormLabel-root-121 MuiInputLabel-root-110 MuiInputLabel-formControl-115 MuiInputLabel-animated-118 MuiInputLabel-marginDense-116 MuiInputLabel-outlined-120"
            data-shrink={false}
          >
            Test size
          </label>
          <div
            className="MuiInputBase-root-141 MuiOutlinedInput-root-128 MuiInputBase-fullWidth-150 MuiInputBase-formControl-142 MuiInputBase-marginDense-148"
            onClick={[Function]}
          >
            <fieldset
              aria-hidden={true}
              className="MuiPrivateNotchedOutline-root-158 MuiOutlinedInput-notchedOutline-135"
              style={
                Object {
                  "paddingLeft": 8,
                }
              }
            >
              <legend
                className="MuiPrivateNotchedOutline-legend-159"
                style={
                  Object {
                    "width": 0.01,
                  }
                }
              >
                <span
                  dangerouslySetInnerHTML={
                    Object {
                      "__html": "&#8203;",
                    }
                  }
                />
              </legend>
            </fieldset>
            <input
              aria-invalid={false}
              className="MuiInputBase-input-151 MuiOutlinedInput-input-136 MuiInputBase-inputMarginDense-152 MuiOutlinedInput-inputMarginDense-137"
              defaultValue={0.3}
              disabled={false}
              name="testSize"
              onBlur={[Function]}
              onChange={[Function]}
              onFocus={[Function]}
              placeholder="Test size"
              required={false}
              type="text"
            />
          </div>
        </div>
      </div>
    </div>
  </form>
</div>
`;
